f5c20eeb-1 exit=0
final-1 exit=0
f5c20eeb-2 exit=0
final-2 exit=0
f5c20eeb-3 exit=0
final-3 exit=0
f5c20eeb-4 exit=0
final-4 exit=0
savina-ping-pong-1c-park-f5c20eeb- 1   76.9   79.0   79.4   82.7   78.6   77.3   77.2   p50   78.6
savina-ping-pong-1c-spin-f5c20eeb- 1   76.0   78.5   77.9   77.2   75.8   75.9   76.0   p50   76.0
savina-ping-pong-2c-park-f5c20eeb- 1  273.4  285.2  285.2  304.0  267.3  255.5  250.2   p50  273.4
savina-ping-pong-2c-spin-f5c20eeb- 1  228.6  260.2  220.6  224.4  233.9  232.4  231.0   p50  231.0
savina-thread-ring-1c-park-f5c20eeb- 1   46.5   45.8   45.8   43.2   44.2   44.1   46.0   p50   45.8
savina-thread-ring-1c-spin-f5c20eeb- 1   45.1   43.2   42.4   46.2   42.8   45.7   46.3   p50   45.1
savina-thread-ring-2c-park-f5c20eeb- 1  134.3  128.0  142.3  123.5  128.5  132.6  138.1   p50  132.6
savina-thread-ring-2c-spin-f5c20eeb- 1  133.3  121.2  128.3  128.9  129.4  129.3  133.2   p50  129.3
savina-ping-pong-1c-park-f5c20eeb- 2   78.7   77.8   79.8   78.8   77.9   77.7   76.4   p50   77.9
savina-ping-pong-1c-spin-f5c20eeb- 2   78.3   76.8   76.9   76.4   84.1   76.3   76.7   p50   76.8
savina-ping-pong-2c-park-f5c20eeb- 2  244.7  255.0  250.8  252.4  250.5  254.8  219.0   p50  250.8
savina-ping-pong-2c-spin-f5c20eeb- 2  245.0  252.6  268.3  245.5  221.2  223.5  267.6   p50  245.5
savina-thread-ring-1c-park-f5c20eeb- 2   45.6   45.3   45.8   46.2   45.7   45.5   42.1   p50   45.6
savina-thread-ring-1c-spin-f5c20eeb- 2   44.3   45.3   42.0   46.0   42.2   49.7   42.4   p50   44.3
savina-thread-ring-2c-park-f5c20eeb- 2  135.0  139.5  125.8  134.5  143.1  121.1  137.4   p50  135.0
savina-thread-ring-2c-spin-f5c20eeb- 2  143.9  121.5  122.8  142.5  124.1  139.1  135.2   p50  135.2
savina-ping-pong-1c-park-f5c20eeb- 3   77.1   78.9   76.8   78.1   77.1   77.1   76.4   p50   77.1
savina-ping-pong-1c-spin-f5c20eeb- 3   75.6   77.5   75.7   75.1   76.1   77.7   75.2   p50   75.7
savina-ping-pong-2c-park-f5c20eeb- 3  273.1  296.1  252.7  250.6  228.5  233.9  243.4   p50  250.6
savina-ping-pong-2c-spin-f5c20eeb- 3  259.6  254.7  256.8  250.9  254.7  252.2  250.6   p50  254.7
savina-thread-ring-1c-park-f5c20eeb- 3   43.8   43.8   45.1   45.3   43.5   45.3   45.2   p50   45.1
savina-thread-ring-1c-spin-f5c20eeb- 3   44.7   45.4   45.1   42.7   44.8   44.7   44.8   p50   44.8
savina-thread-ring-2c-park-f5c20eeb- 3  124.0  137.1  134.6  134.2  140.5  124.8  137.3   p50  134.6
savina-thread-ring-2c-spin-f5c20eeb- 3  119.4  124.2  127.9  127.1  125.4  119.7  132.3   p50  125.4
savina-ping-pong-1c-park-f5c20eeb- 4   79.5   76.8   79.2   79.1   77.6   78.1   76.8   p50   78.1
savina-ping-pong-1c-spin-f5c20eeb- 4   80.1   76.6   79.3   75.3   76.3   75.6   76.7   p50   76.6
savina-ping-pong-2c-park-f5c20eeb- 4  258.0  247.7  258.3  293.2  263.4  274.7  253.9   p50  258.3
savina-ping-pong-2c-spin-f5c20eeb- 4  223.2  223.5  228.5  220.4  223.3  224.3  222.1   p50  223.3
savina-thread-ring-1c-park-f5c20eeb- 4   45.9   45.7   45.6   45.8   43.2   46.3   44.0   p50   45.7
savina-thread-ring-1c-spin-f5c20eeb- 4   45.1   45.4   44.5   42.8   46.8   45.0   42.8   p50   45.0
savina-thread-ring-2c-park-f5c20eeb- 4  138.6  144.0  138.1  133.0  128.7  133.9  134.7   p50  134.7
savina-thread-ring-2c-spin-f5c20eeb- 4  129.7  127.3  122.2  134.6  126.9  129.8  132.3   p50  129.7
savina-ping-pong-1c-park-final- 1   77.0   80.2   83.1   79.1   78.7   78.3   79.0   p50   79.0
savina-ping-pong-1c-spin-final- 1   85.0   83.4   85.0   86.2   81.9   81.5   86.1   p50   85.0
savina-ping-pong-2c-park-final- 1  256.3  250.4  242.3  235.8  238.1  232.7  235.8   p50  238.1
savina-ping-pong-2c-spin-final- 1  265.3  243.9  245.4  241.7  308.7  314.9  256.3   p50  256.3
savina-thread-ring-1c-park-final- 1   45.5   42.7   41.4   45.1   45.4   45.7   45.1   p50   45.1
savina-thread-ring-1c-spin-final- 1   42.3   42.7   45.1   44.9   44.8   44.3   43.6   p50   44.3
savina-thread-ring-2c-park-final- 1  136.1  134.4  135.3  138.6  133.1  123.5  132.1   p50  134.4
savina-thread-ring-2c-spin-final- 1  117.0  122.7  139.7  114.8  116.7  126.6  117.9   p50  117.9
savina-ping-pong-1c-park-final- 2   77.3   77.6   78.6   81.9   77.1   78.3   77.2   p50   77.6
savina-ping-pong-1c-spin-final- 2   76.6   77.9   81.6   76.3   78.0   77.0   76.2   p50   77.0
savina-ping-pong-2c-park-final- 2  247.8  273.6  253.1  260.8  257.0  255.6  262.3   p50  257.0
savina-ping-pong-2c-spin-final- 2  266.5  284.5  246.3  233.8  236.3  217.8  234.9   p50  236.3
savina-thread-ring-1c-park-final- 2   46.4   48.7   47.0   49.0   48.3   47.4   47.2   p50   47.4
savina-thread-ring-1c-spin-final- 2   43.4   44.8   45.1   47.0   49.5   46.4   47.9   p50   46.4
savina-thread-ring-2c-park-final- 2  131.9  129.9  123.3  129.7  129.9  126.9  137.3   p50  129.9
savina-thread-ring-2c-spin-final- 2  120.3  119.6  134.0  116.8  125.8  121.0  120.9   p50  120.9
savina-ping-pong-1c-park-final- 3   80.1   79.3   79.3   82.2   78.1   80.3   77.8   p50   79.3
savina-ping-pong-1c-spin-final- 3   76.8   77.9   77.8   77.1   77.4   79.2   77.8   p50   77.8
savina-ping-pong-2c-park-final- 3  264.5  234.8  249.1  257.2  269.2  252.3  257.9   p50  257.2
savina-ping-pong-2c-spin-final- 3  235.2  248.6  243.2  250.8  285.4  256.5  248.5   p50  248.6
savina-thread-ring-1c-park-final- 3   44.6   46.1   44.9   44.7   43.0   41.8   45.2   p50   44.7
savina-thread-ring-1c-spin-final- 3   44.2   42.9   44.4   41.9   49.9   43.3   42.6   p50   43.3
savina-thread-ring-2c-park-final- 3  131.6  134.8  133.7  138.6  130.5  139.7  134.2   p50  134.2
savina-thread-ring-2c-spin-final- 3  124.3  168.0  126.2  165.5  137.5  130.2  123.0   p50  130.2
savina-ping-pong-1c-park-final- 4   79.6   85.7   82.8   81.9   88.7   92.6   91.0   p50   85.7
savina-ping-pong-1c-spin-final- 4   77.4   78.0   77.7   77.2   77.8   77.4   78.2   p50   77.7
savina-ping-pong-2c-park-final- 4  245.6  247.6  246.0  259.5  225.3  223.4  251.6   p50  246.0
savina-ping-pong-2c-spin-final- 4  343.5  342.1  233.7  251.9  255.1  237.3  255.6   p50  255.1
savina-thread-ring-1c-park-final- 4   44.5   45.3   46.5   45.3   44.8   42.2   42.9   p50   44.8
savina-thread-ring-1c-spin-final- 4   42.3   42.6   43.6   43.0   46.7   44.7   44.3   p50   43.6
savina-thread-ring-2c-park-final- 4  138.8  137.0  127.0  120.0  129.8  131.5  144.0   p50  131.5
savina-thread-ring-2c-spin-final- 4  155.0  135.3  136.6  120.9  124.7  118.8  116.0   p50  124.7

savina-ping-pong   1c-park  f5c20eeb    77.1   77.9   78.1   78.6   median 78.0 ns
savina-ping-pong   1c-park  final       77.6   79.0   79.3   85.7   median 79.2 ns
savina-ping-pong   1c-spin  f5c20eeb    75.7   76.0   76.6   76.8   median 76.3 ns
savina-ping-pong   1c-spin  final       77.0   77.7   77.8   85.0   median 77.7 ns
savina-ping-pong   2c-park  f5c20eeb   250.6  250.8  258.3  273.4   median 254.5 ns
savina-ping-pong   2c-park  final      238.1  246.0  257.0  257.2   median 251.5 ns
savina-ping-pong   2c-spin  f5c20eeb   223.3  231.0  245.5  254.7   median 238.3 ns
savina-ping-pong   2c-spin  final      236.3  248.6  255.1  256.3   median 251.8 ns
savina-thread-ring 1c-park  f5c20eeb    45.1   45.6   45.7   45.8   median 45.6 ns
savina-thread-ring 1c-park  final       44.7   44.8   45.1   47.4   median 45.0 ns
savina-thread-ring 1c-spin  f5c20eeb    44.3   44.8   45.0   45.1   median 44.9 ns
savina-thread-ring 1c-spin  final       43.3   43.6   44.3   46.4   median 44.0 ns
savina-thread-ring 2c-park  f5c20eeb   132.6  134.6  134.7  135.0   median 134.6 ns
savina-thread-ring 2c-park  final      129.9  131.5  134.2  134.4   median 132.9 ns
savina-thread-ring 2c-spin  f5c20eeb   125.4  129.3  129.7  135.2   median 129.5 ns
savina-thread-ring 2c-spin  final      117.9  120.9  124.7  130.2   median 122.8 ns
GRIDORDER-DONE
