
savina/ping-pong: per-launch medians, ns per unit -- 12 launches interleaved, 3 rep + 1 warmup each, cpus 0,2

  1c-spin
    cand         median-of-medians     82.2   min     79.7   max     86.1   n=12   [81 81 83 81 82 80 82 84 84 85 86 82]
    ctrl         median-of-medians     82.5   min     79.7   max     84.4   n=12   [81 82 82 82 80 84 84 83 83 82 83 84]
    cand vs ctrl: 82.2 vs 82.5 (-0.4%) -- distributions OVERLAP: no measurable difference

  1c-park
    cand         median-of-medians     84.5   min     81.0   max     85.8   n=12   [83 86 85 81 83 85 84 85 84 84 85 86]
    ctrl         median-of-medians     83.6   min     79.9   max     85.8   n=12   [82 84 81 85 80 85 85 84 83 86 83 81]
    cand vs ctrl: 84.5 vs 83.6 (+1.1%) -- distributions OVERLAP: no measurable difference

  2c-spin
    cand         median-of-medians    269.8   min    243.3   max    325.1   n=12   [269 258 276 286 261 273 325 271 260 243 288 268]
    ctrl         median-of-medians    265.9   min    242.6   max    302.9   n=12   [273 243 266 272 259 265 265 271 266 279 303 259]
    cand vs ctrl: 269.8 vs 265.9 (+1.5%) -- distributions OVERLAP: no measurable difference

  2c-park
    cand         median-of-medians    271.9   min    256.2   max    287.1   n=12   [279 272 274 272 271 267 256 259 272 277 284 287]
    ctrl         median-of-medians    271.3   min    260.4   max    296.1   n=12   [278 260 264 272 274 265 271 296 263 271 279 285]
    cand vs ctrl: 271.9 vs 271.3 (+0.2%) -- distributions OVERLAP: no measurable difference

launch-census.py: 96 launches, 0 not verified -> results\desktop-win11-msvc19\qb-branch-perf-event-pipe-segmented\launch-census
== ping-pong exit=0

savina/thread-ring: per-launch medians, ns per unit -- 12 launches interleaved, 3 rep + 1 warmup each, cpus 0,2

  1c-spin
    cand         median-of-medians     49.0   min     46.3   max     50.0   n=12   [46 47 50 50 49 48 47 50 48 49 49 50]
    ctrl         median-of-medians     47.8   min     44.0   max     50.5   n=12   [44 44 46 49 47 47 48 48 48 50 48 51]
    cand vs ctrl: 49.0 vs 47.8 (+2.6%) -- distributions OVERLAP: no measurable difference

  1c-park
    cand         median-of-medians     48.0   min     45.1   max     49.8   n=12   [49 48 49 47 48 50 45 45 47 48 48 47]
    ctrl         median-of-medians     47.4   min     45.3   max     50.6   n=12   [46 50 50 48 47 47 47 45 51 48 48 46]
    cand vs ctrl: 48.0 vs 47.4 (+1.2%) -- distributions OVERLAP: no measurable difference

  2c-spin
    cand         median-of-medians    133.3   min    127.9   max    170.4   n=12   [128 136 170 134 132 129 130 128 131 142 137 141]
    ctrl         median-of-medians    138.8   min    131.4   max    148.7   n=12   [138 140 144 139 139 149 131 138 142 137 141 139]
    cand vs ctrl: 133.3 vs 138.8 (-3.9%) -- distributions OVERLAP: no measurable difference

  2c-park
    cand         median-of-medians    142.9   min    134.4   max    153.8   n=12   [138 143 141 134 147 137 149 154 149 141 142 148]
    ctrl         median-of-medians    146.1   min    135.8   max    158.1   n=12   [145 144 149 148 136 145 158 143 146 146 150 148]
    cand vs ctrl: 142.9 vs 146.1 (-2.2%) -- distributions OVERLAP: no measurable difference

launch-census.py: 96 launches, 0 not verified -> results\desktop-win11-msvc19\qb-branch-perf-event-pipe-segmented\launch-census
== thread-ring exit=0
