=== qbm-http-bench-http1-parser  [BM_Http1Parse_Fragmented/corpus:0]
  whole file: IDENTICAL BYTES
  ctl: median-of-5-processes 405.1 ns  [406.2 404.3 405.1 403.3 407.0]
  cnd: median-of-5-processes 404.9 ns  [405.7 404.8 404.4 406.7 404.9]
=== qb-core-bench-ping-pong-latency  [BM_Reference_Multi_PingPong_Latency]
  whole file: differ in 619270 bytes of 804416
cmp: EOF on /home/mbelhadi/prof/arena/same/ctl.text after byte 638680
  .text section: differ in 550394 bytes of 638680
  .rodata: differ in 277 bytes
Traceback (most recent call last):
  File "<stdin>", line 6, in <module>
  File "/usr/lib/python3.13/json/__init__.py", line 293, in load
    return loads(fp.read(),
        cls=cls, object_hook=object_hook,
        parse_float=parse_float, parse_int=parse_int,
        parse_constant=parse_constant, object_pairs_hook=object_pairs_hook, **kw)
  File "/usr/lib/python3.13/json/__init__.py", line 346, in loads
    return _default_decoder.decode(s)
           ~~~~~~~~~~~~~~~~~~~~~~~^^^
  File "/usr/lib/python3.13/json/decoder.py", line 345, in decode
    obj, end = self.raw_decode(s, idx=_w(s, 0).end())
               ~~~~~~~~~~~~~~~^^^^^^^^^^^^^^^^^^^^^^^
  File "/usr/lib/python3.13/json/decoder.py", line 363, in raw_decode
    raise JSONDecodeError("Expecting value", s, err.value) from None
json.decoder.JSONDecodeError: Expecting value: line 1 column 1 (char 0)
=== qb-io-bench-coroutine-pipeline  [BM_Channel_SendRecv/messages:2048]
  whole file: IDENTICAL BYTES
Traceback (most recent call last):
  File "<stdin>", line 6, in <module>
  File "/usr/lib/python3.13/json/__init__.py", line 293, in load
    return loads(fp.read(),
        cls=cls, object_hook=object_hook,
        parse_float=parse_float, parse_int=parse_int,
        parse_constant=parse_constant, object_pairs_hook=object_pairs_hook, **kw)
  File "/usr/lib/python3.13/json/__init__.py", line 346, in loads
    return _default_decoder.decode(s)
           ~~~~~~~~~~~~~~~~~~~~~~~^^^
  File "/usr/lib/python3.13/json/decoder.py", line 345, in decode
    obj, end = self.raw_decode(s, idx=_w(s, 0).end())
               ~~~~~~~~~~~~~~~^^^^^^^^^^^^^^^^^^^^^^^
  File "/usr/lib/python3.13/json/decoder.py", line 363, in raw_decode
    raise JSONDecodeError("Expecting value", s, err.value) from None
json.decoder.JSONDecodeError: Expecting value: line 1 column 1 (char 0)
LAYOUT-PROOF2-DONE
