=== qbm-http-bench-http1-parser  [BM_Http1Parse_Fragmented/corpus:0]
  -- ctl: size 697296 bytes, arena symbols: 0
     result: BM_Http1Parse_Fragmented/corpus:0        412 ns          404 ns      5162369 bytes_per_second=103.958Mi/s items_per_second=2.47744M/s
         14.13%  [.] malloc
          8.48%  [.] cfree
          4.10%  [.] 0x0000000000079ad9
          3.21%  [.] std::_Hash_bytes(void const*, unsigned long, unsigned long)
          2.83%  [.] 0x00000000000a0682
          2.35%  [.] 0x00000000000a0696
     arena samples in top-6: 0
  -- cand: size 697296 bytes, arena symbols: 0
     result: BM_Http1Parse_Fragmented/corpus:0        410 ns          402 ns      5176455 bytes_per_second=104.425Mi/s items_per_second=2.48858M/s
         13.98%  [.] malloc
          8.52%  [.] cfree
          3.94%  [.] 0x0000000000079ad9
          3.02%  [.] std::_Hash_bytes(void const*, unsigned long, unsigned long)
          2.53%  [.] 0x00000000000a0696
          2.48%  [.] 0x00000000000a0682
     arena samples in top-6: 0
  -- symbol: 13.98%  [.] malloc
nm: /home/mbelhadi/prof/arena/ctl-bench/bin/benchmarks/qbm-http-bench-http1-parser: no symbols
     ctl: symbol not found by exact name
nm: /home/mbelhadi/qb-dev-seg/build/presets/benchmarks/bin/benchmarks/qbm-http-bench-http1-parser: no symbols
     cand: symbol not found by exact name
  -- symbol: 8.52%  [.] cfree
nm: /home/mbelhadi/prof/arena/ctl-bench/bin/benchmarks/qbm-http-bench-http1-parser: no symbols
     ctl: symbol not found by exact name
nm: /home/mbelhadi/qb-dev-seg/build/presets/benchmarks/bin/benchmarks/qbm-http-bench-http1-parser: no symbols
     cand: symbol not found by exact name
  -- symbol: 3.94%  [.] 0x0000000000079ad9
nm: /home/mbelhadi/prof/arena/ctl-bench/bin/benchmarks/qbm-http-bench-http1-parser: no symbols
     ctl: symbol not found by exact name
nm: /home/mbelhadi/qb-dev-seg/build/presets/benchmarks/bin/benchmarks/qbm-http-bench-http1-parser: no symbols
     cand: symbol not found by exact name
=== qb-core-bench-ping-pong-latency  [BM_Reference_Multi_PingPong_Latency]
  -- ctl: size 804416 bytes, arena symbols: 0
         12.50%  [.] EVP_add_cipher
         12.50%  [.] OPENSSL_LH_insert
         12.50%  [.] _IO_fgets
         12.50%  [.] 0x000000000000a13a
         12.50%  [.] 0x000000000000a30d
         12.50%  [.] 0x000000000000afc5
     arena samples in top-6: 0
  -- cand: size 804416 bytes, arena symbols: 0
         11.11%  [.] OPENSSL_strcasecmp
         11.11%  [.] std::_Hash_bytes(void const*, unsigned long, unsigned long)
         11.11%  [.] std::__cxx11::numpunct<char>::_M_initialize_numpunct(__locale_struct*)
         11.11%  [.] std::locale::operator=(std::locale const&)
         11.11%  [.] 0x000000000000aee3
         11.11%  [.] 0x000000000000f15b
     arena samples in top-6: 0
  -- symbol: 11.11%  [.] OPENSSL_strcasecmp
nm: /home/mbelhadi/prof/arena/ctl-bench/bin/benchmarks/qb-core-bench-ping-pong-latency: no symbols
     ctl: symbol not found by exact name
nm: /home/mbelhadi/qb-dev-seg/build/presets/benchmarks/bin/benchmarks/qb-core-bench-ping-pong-latency: no symbols
     cand: symbol not found by exact name
  -- symbol: 11.11%  [.] std::_Hash_bytes(void const*, unsigned long, unsigned long)
nm: /home/mbelhadi/prof/arena/ctl-bench/bin/benchmarks/qb-core-bench-ping-pong-latency: no symbols
     ctl: symbol not found by exact name
nm: /home/mbelhadi/qb-dev-seg/build/presets/benchmarks/bin/benchmarks/qb-core-bench-ping-pong-latency: no symbols
     cand: symbol not found by exact name
  -- symbol: 11.11%  [.] std::__cxx11::numpunct<char>::_M_initialize_numpunct(__locale_struct*)
nm: /home/mbelhadi/prof/arena/ctl-bench/bin/benchmarks/qb-core-bench-ping-pong-latency: no symbols
     ctl: symbol not found by exact name
nm: /home/mbelhadi/qb-dev-seg/build/presets/benchmarks/bin/benchmarks/qb-core-bench-ping-pong-latency: no symbols
     cand: symbol not found by exact name
=== qb-io-bench-coroutine-pipeline  [BM_Channel_SendRecv/messages:2048]
  -- ctl: size 718120 bytes, arena symbols: 0
         11.11%  [.] _IO_file_close_it
         11.11%  [.] 0x000000000000a5b1
         11.11%  [.] 0x000000000000a5ba
         11.11%  [.] 0x000000000000a601
         11.11%  [.] 0x000000000000eee3
         11.11%  [.] 0x00000000000a12e8
     arena samples in top-6: 0
  -- cand: size 718120 bytes, arena symbols: 0
         12.50%  [.] OPENSSL_init_ssl
         12.50%  [.] cfree
         12.50%  [.] 0x000000000000a2f8
         12.50%  [.] 0x000000000000aee5
         12.50%  [.] 0x000000000000afc5
         12.50%  [.] 0x0000000000025770
     arena samples in top-6: 0
  -- symbol: 12.50%  [.] OPENSSL_init_ssl
nm: /home/mbelhadi/prof/arena/ctl-bench/bin/benchmarks/qb-io-bench-coroutine-pipeline: no symbols
     ctl: symbol not found by exact name
nm: /home/mbelhadi/qb-dev-seg/build/presets/benchmarks/bin/benchmarks/qb-io-bench-coroutine-pipeline: no symbols
     cand: symbol not found by exact name
  -- symbol: 12.50%  [.] cfree
nm: /home/mbelhadi/prof/arena/ctl-bench/bin/benchmarks/qb-io-bench-coroutine-pipeline: no symbols
     ctl: symbol not found by exact name
nm: /home/mbelhadi/qb-dev-seg/build/presets/benchmarks/bin/benchmarks/qb-io-bench-coroutine-pipeline: no symbols
     cand: symbol not found by exact name
  -- symbol: 12.50%  [.] 0x000000000000a2f8
nm: /home/mbelhadi/prof/arena/ctl-bench/bin/benchmarks/qb-io-bench-coroutine-pipeline: no symbols
     ctl: symbol not found by exact name
nm: /home/mbelhadi/qb-dev-seg/build/presets/benchmarks/bin/benchmarks/qb-io-bench-coroutine-pipeline: no symbols
     cand: symbol not found by exact name
LAYOUT-PROOF-DONE
