== run 1/3 ==
  ok   qb-core-bench-ping-pong-latency (15 measurements)
  ok   qb-core-bench-pipeline-chain-latency (10 measurements)
  ok   qb-core-bench-ping-pong-throughput (10 measurements)
  ok   qb-core-bench-ask-roundtrip (10 measurements)
  ok   qb-core-bench-ask-all-fanout (10 measurements)
  ok   qb-core-bench-coroutine-spawn-latency (5 measurements)
  ok   qb-core-bench-resilience-overhead (15 measurements)
  ok   qb-core-bench-parse-numbers (15 measurements)
  ok   qb-core-bench-jsonb-dump (15 measurements)
  ok   qb-io-bench-framing-scanners (10 measurements)
  ok   qb-io-bench-uri-parse-encode (15 measurements)
  ok   qb-io-bench-crypto-primitives (15 measurements)
  ok   qb-io-bench-compress-codecs (10 measurements)
  ok   qb-io-bench-json-pipe-serialize (10 measurements)
  ok   qb-io-bench-coroutine-scheduler-throughput (10 measurements)
  ok   qb-io-bench-coroutine-pipeline (15 measurements)
  ok   qb-io-bench-coroutine-scope (10 measurements)
  ok   qbm-http-bench-http1-parser (10 measurements)
  ok   qbm-http-bench-hpack (15 measurements)
  ok   qbm-http-bench-route-match (15 measurements)
  ok   qbm-http-bench-uri-parse (10 measurements)
  ok   qbm-redis-bench-resp-parse (15 measurements)
  ok   qbm-pgsql-bench-codec-decode (15 measurements)
== run 2/3 ==
  ok   qb-core-bench-ping-pong-latency (15 measurements)
  ok   qb-core-bench-pipeline-chain-latency (10 measurements)
  ok   qb-core-bench-ping-pong-throughput (10 measurements)
  ok   qb-core-bench-ask-roundtrip (10 measurements)
  ok   qb-core-bench-ask-all-fanout (10 measurements)
  ok   qb-core-bench-coroutine-spawn-latency (5 measurements)
  ok   qb-core-bench-resilience-overhead (15 measurements)
  ok   qb-core-bench-parse-numbers (15 measurements)
  ok   qb-core-bench-jsonb-dump (15 measurements)
  ok   qb-io-bench-framing-scanners (10 measurements)
  ok   qb-io-bench-uri-parse-encode (15 measurements)
  ok   qb-io-bench-crypto-primitives (15 measurements)
  ok   qb-io-bench-compress-codecs (10 measurements)
  ok   qb-io-bench-json-pipe-serialize (10 measurements)
  ok   qb-io-bench-coroutine-scheduler-throughput (10 measurements)
  ok   qb-io-bench-coroutine-pipeline (15 measurements)
  ok   qb-io-bench-coroutine-scope (10 measurements)
  ok   qbm-http-bench-http1-parser (10 measurements)
  ok   qbm-http-bench-hpack (15 measurements)
  ok   qbm-http-bench-route-match (15 measurements)
  ok   qbm-http-bench-uri-parse (10 measurements)
  ok   qbm-redis-bench-resp-parse (15 measurements)
  ok   qbm-pgsql-bench-codec-decode (15 measurements)
== run 3/3 ==
  ok   qb-core-bench-ping-pong-latency (15 measurements)
  ok   qb-core-bench-pipeline-chain-latency (10 measurements)
  ok   qb-core-bench-ping-pong-throughput (10 measurements)
  ok   qb-core-bench-ask-roundtrip (10 measurements)
  ok   qb-core-bench-ask-all-fanout (10 measurements)
  ok   qb-core-bench-coroutine-spawn-latency (5 measurements)
  ok   qb-core-bench-resilience-overhead (15 measurements)
  ok   qb-core-bench-parse-numbers (15 measurements)
  ok   qb-core-bench-jsonb-dump (15 measurements)
  ok   qb-io-bench-framing-scanners (10 measurements)
  ok   qb-io-bench-uri-parse-encode (15 measurements)
  ok   qb-io-bench-crypto-primitives (15 measurements)
  ok   qb-io-bench-compress-codecs (10 measurements)
  ok   qb-io-bench-json-pipe-serialize (10 measurements)
  ok   qb-io-bench-coroutine-scheduler-throughput (10 measurements)
  ok   qb-io-bench-coroutine-pipeline (15 measurements)
  ok   qb-io-bench-coroutine-scope (10 measurements)
  ok   qbm-http-bench-http1-parser (10 measurements)
  ok   qbm-http-bench-hpack (15 measurements)
  ok   qbm-http-bench-route-match (15 measurements)
  ok   qbm-http-bench-uri-parse (10 measurements)
  ok   qbm-redis-bench-resp-parse (15 measurements)
  ok   qbm-pgsql-bench-codec-decode (15 measurements)
bench-run.sh: wrote 3 run(s) x 23 binaries to /home/qvo/prof/arena/bench-now
