run.py: 40 binaries, frameworks: baseline, caf, qb, sobjectizer
run.py: pinning to CPUs 0,2, 9 repetitions + 2 warmup
  savina/a-star            baseline     2c-spin  ok  p50=5,216,863 ns
  savina/a-star            baseline     2c-park  ok  p50=3,191,642 ns
  savina/a-star            baseline     1c-spin  ok  p50=5,720,905 ns
  savina/a-star            baseline     1c-park  ok  p50=5,593,750 ns
  savina/barber            baseline     2c-spin  ok  p50=11,705,814 ns
  savina/barber            baseline     2c-park  ok  p50=15,919,542 ns
  savina/barber            baseline     1c-spin  ok  p50=13,486,716 ns
  savina/barber            baseline     1c-park  ok  p50=13,508,855 ns
  savina/bndbuffer         baseline     2c-spin  ok  p50=446,919,109 ns
  savina/bndbuffer         baseline     2c-park  ok  p50=544,624,069 ns
  savina/bndbuffer         baseline     1c-spin  ok  p50=519,241,111 ns
  savina/bndbuffer         baseline     1c-park  ok  p50=518,533,601 ns
  savina/cigsmok           baseline     2c-spin  ok  p50=58,756,105 ns
  savina/cigsmok           baseline     2c-park  ok  p50=668,251,910 ns
  savina/cigsmok           baseline     1c-spin  ok  p50=66,715,186 ns
  savina/cigsmok           baseline     1c-park  ok  p50=66,817,760 ns
  savina/concdict          baseline     2c-spin  ok  p50=10,676,274 ns
  savina/concdict          baseline     2c-park  ok  p50=261,884,347 ns
  savina/concdict          baseline     1c-spin  ok  p50=5,102,328 ns
  savina/concdict          baseline     1c-park  ok  p50=5,545,269 ns
  savina/concsll           baseline     2c-spin  ok  p50=3,360,403,183 ns
  savina/concsll           baseline     2c-park  ok  p50=4,422,442,689 ns
  savina/concsll           baseline     1c-spin  ok  p50=3,344,011,489 ns
  savina/concsll           baseline     1c-park  ok  p50=3,327,300,192 ns
  savina/fork-join-create  baseline     2c-spin  ok  p50=2,247,983 ns
  savina/fork-join-create  baseline     2c-park  ok  p50=1,808,630 ns
  savina/fork-join-create  baseline     1c-spin  ok  p50=1,504,852 ns
  savina/fork-join-create  baseline     1c-park  ok  p50=1,772,205 ns
  savina/logmap            baseline     2c-spin  ok  p50=6,156,291 ns
  savina/logmap            baseline     2c-park  ok  p50=10,336,365 ns
  savina/logmap            baseline     1c-spin  ok  p50=2,895,398 ns
  savina/logmap            baseline     1c-park  ok  p50=5,228,754 ns
  savina/nqueens           baseline     2c-spin  ok  p50=111,327,227 ns
  savina/nqueens           baseline     2c-park  ok  p50=113,715,952 ns
  savina/nqueens           baseline     1c-spin  ok  p50=214,398,526 ns
  savina/nqueens           baseline     1c-park  ok  p50=214,043,936 ns
  savina/philosophers      baseline     2c-spin  ok  p50=40,860,289 ns
  savina/philosophers      baseline     2c-park  ok  p50=567,216,273 ns
  savina/philosophers      baseline     1c-spin  ok  p50=4,519,139 ns
  savina/philosophers      baseline     1c-park  ok  p50=8,712,462 ns
  savina/a-star            caf          2c-spin  ok  p50=4,210,603 ns
  savina/a-star            caf          2c-park  ok  p50=4,276,759 ns
  savina/a-star            caf          1c-spin  ok  p50=6,245,593 ns
  savina/a-star            caf          1c-park  ok  p50=6,178,942 ns
  savina/barber            caf          2c-spin  ok  p50=23,844,947 ns
  savina/barber            caf          2c-park  ok  p50=23,915,876 ns
  savina/barber            caf          1c-spin  ok  p50=23,450,061 ns
  savina/barber            caf          1c-park  ok  p50=23,547,758 ns
  savina/bndbuffer         caf          2c-spin  ok  p50=297,505,807 ns
  savina/bndbuffer         caf          2c-park  ok  p50=296,231,688 ns
  savina/bndbuffer         caf          1c-spin  ok  p50=545,591,442 ns
  savina/bndbuffer         caf          1c-park  ok  p50=546,592,233 ns
  savina/cigsmok           caf          2c-spin  ok  p50=82,309,650 ns
  savina/cigsmok           caf          2c-park  ok  p50=82,082,401 ns
  savina/cigsmok           caf          1c-spin  ok  p50=82,954,847 ns
  savina/cigsmok           caf          1c-park  ok  p50=80,984,896 ns
  savina/concdict          caf          2c-spin  ok  p50=74,419,043 ns
  savina/concdict          caf          2c-park  ok  p50=75,744,198 ns
  savina/concdict          caf          1c-spin  ok  p50=73,258,264 ns
  savina/concdict          caf          1c-park  ok  p50=73,559,841 ns
  savina/concsll           caf          2c-spin  ok  p50=3,517,721,341 ns
  savina/concsll           caf          2c-park  ok  p50=3,487,412,944 ns
  savina/concsll           caf          1c-spin  ok  p50=3,441,083,961 ns
  savina/concsll           caf          1c-park  ok  p50=3,449,226,619 ns
  savina/fork-join-create  caf          2c-spin  ok  p50=23,062,072 ns
  savina/fork-join-create  caf          2c-park  ok  p50=22,886,103 ns
  savina/fork-join-create  caf          1c-spin  ok  p50=37,140,953 ns
  savina/fork-join-create  caf          1c-park  ok  p50=36,965,775 ns
  savina/logmap            caf          2c-spin  ok  p50=81,788,055 ns
  savina/logmap            caf          2c-park  ok  p50=82,119,163 ns
  savina/logmap            caf          1c-spin  ok  p50=127,023,645 ns
  savina/logmap            caf          1c-park  ok  p50=126,686,473 ns
  savina/nqueens           caf          2c-spin  ok  p50=120,083,154 ns
  savina/nqueens           caf          2c-park  ok  p50=118,897,374 ns
  savina/nqueens           caf          1c-spin  ok  p50=227,942,174 ns
  savina/nqueens           caf          1c-park  ok  p50=226,319,917 ns
  savina/philosophers      caf          2c-spin  ok  p50=153,139,694 ns
  savina/philosophers      caf          2c-park  ok  p50=161,770,410 ns
  savina/philosophers      caf          1c-spin  ok  p50=89,858,666 ns
  savina/philosophers      caf          1c-park  ok  p50=89,304,261 ns
  savina/a-star            qb           2c-spin  ok  p50=3,065,241 ns
  savina/a-star            qb           2c-park  ok  p50=3,106,193 ns
  savina/a-star            qb           1c-spin  ok  p50=5,792,949 ns
  savina/a-star            qb           1c-park  ok  p50=5,628,340 ns
  savina/barber            qb           2c-spin  ok  p50=13,759,677 ns
  savina/barber            qb           2c-park  ok  p50=13,928,269 ns
  savina/barber            qb           1c-spin  ok  p50=14,539,841 ns
  savina/barber            qb           1c-park  ok  p50=14,279,227 ns
  savina/bndbuffer         qb           2c-spin  ok  p50=267,550,650 ns
  savina/bndbuffer         qb           2c-park  ok  p50=267,198,335 ns
  savina/bndbuffer         qb           1c-spin  ok  p50=522,841,096 ns
  savina/bndbuffer         qb           1c-park  ok  p50=523,191,142 ns
  savina/cigsmok           qb           2c-spin  ok  p50=57,686,406 ns
  savina/cigsmok           qb           2c-park  ok  p50=57,650,653 ns
  savina/cigsmok           qb           1c-spin  ok  p50=67,657,565 ns
  savina/cigsmok           qb           1c-park  ok  p50=67,596,536 ns
  savina/concdict          qb           2c-spin  ok  p50=10,279,092 ns
  savina/concdict          qb           2c-park  ok  p50=9,820,082 ns
  savina/concdict          qb           1c-spin  ok  p50=8,195,469 ns
  savina/concdict          qb           1c-park  ok  p50=8,508,314 ns
  savina/concsll           qb           2c-spin  ok  p50=3,388,909,810 ns
  savina/concsll           qb           2c-park  ok  p50=3,424,687,860 ns
  savina/concsll           qb           1c-spin  ok  p50=3,375,860,048 ns
  savina/concsll           qb           1c-park  ok  p50=3,356,129,271 ns
  savina/fork-join-create  qb           2c-spin  ok  p50=1,235,272 ns
  savina/fork-join-create  qb           2c-park  ok  p50=1,194,387 ns
  savina/fork-join-create  qb           1c-spin  ok  p50=2,464,990 ns
  savina/fork-join-create  qb           1c-park  ok  p50=2,481,561 ns
  savina/logmap            qb           2c-spin  ok  p50=3,814,774 ns
  savina/logmap            qb           2c-park  ok  p50=3,806,121 ns
  savina/logmap            qb           1c-spin  ok  p50=5,151,422 ns
  savina/logmap            qb           1c-park  ok  p50=4,976,885 ns
  savina/nqueens           qb           2c-spin  ok  p50=99,618,145 ns
  savina/nqueens           qb           2c-park  ok  p50=109,320,198 ns
  savina/nqueens           qb           1c-spin  ok  p50=192,045,091 ns
  savina/nqueens           qb           1c-park  ok  p50=190,969,111 ns
  savina/philosophers      qb           2c-spin  ok  p50=23,842,162 ns
  savina/philosophers      qb           2c-park  ok  p50=25,381,305 ns
  savina/philosophers      qb           1c-spin  ok  p50=10,253,398 ns
  savina/philosophers      qb           1c-park  ok  p50=10,311,171 ns
  savina/a-star            sobjectizer  2c-spin  ok  p50=3,738,209 ns
  savina/a-star            sobjectizer  2c-park  ok  p50=4,220,863 ns
  savina/a-star            sobjectizer  1c-spin  ok  p50=6,198,317 ns
  savina/a-star            sobjectizer  1c-park  ok  p50=6,112,178 ns
  savina/barber            sobjectizer  2c-spin  ok  p50=27,724,092 ns
  savina/barber            sobjectizer  2c-park  ok  p50=27,645,287 ns
  savina/barber            sobjectizer  1c-spin  ok  p50=30,068,644 ns
  savina/barber            sobjectizer  1c-park  ok  p50=30,383,040 ns
  savina/bndbuffer         sobjectizer  2c-spin  ok  p50=282,976,259 ns
  savina/bndbuffer         sobjectizer  2c-park  ok  p50=290,108,592 ns
  savina/bndbuffer         sobjectizer  1c-spin  ok  p50=531,084,034 ns
  savina/bndbuffer         sobjectizer  1c-park  ok  p50=532,147,863 ns
  savina/cigsmok           sobjectizer  2c-spin  ok  p50=45,887,914 ns
  savina/cigsmok           sobjectizer  2c-park  ok  p50=87,119,790 ns
  savina/cigsmok           sobjectizer  1c-spin  ok  p50=72,758,361 ns
  savina/cigsmok           sobjectizer  1c-park  ok  p50=73,814,013 ns
  savina/concdict          sobjectizer  2c-spin  ok  p50=69,990,756 ns
  savina/concdict          sobjectizer  2c-park  ok  p50=103,010,806 ns
  savina/concdict          sobjectizer  1c-spin  ok  p50=34,348,013 ns
  savina/concdict          sobjectizer  1c-park  ok  p50=35,110,678 ns
  savina/concsll           sobjectizer  2c-spin  ok  p50=3,465,823,913 ns
  savina/concsll           sobjectizer  2c-park  ok  p50=4,542,730,708 ns
  savina/concsll           sobjectizer  1c-spin  ok  p50=3,363,439,460 ns
  savina/concsll           sobjectizer  1c-park  ok  p50=3,380,169,677 ns
  savina/fork-join-create  sobjectizer  2c-spin  ok  p50=143,368,920 ns
  savina/fork-join-create  sobjectizer  2c-park  ok  p50=144,934,541 ns
  savina/fork-join-create  sobjectizer  1c-spin  ok  p50=53,731,764 ns
  savina/fork-join-create  sobjectizer  1c-park  ok  p50=54,327,998 ns
  savina/logmap            sobjectizer  2c-spin  ok  p50=110,289,143 ns
  savina/logmap            sobjectizer  2c-park  ok  p50=134,876,744 ns
  savina/logmap            sobjectizer  1c-spin  ok  p50=47,587,570 ns
  savina/logmap            sobjectizer  1c-park  ok  p50=51,085,288 ns
  savina/nqueens           sobjectizer  2c-spin  ok  p50=101,288,269 ns
  savina/nqueens           sobjectizer  2c-park  ok  p50=100,944,390 ns
  savina/nqueens           sobjectizer  1c-spin  ok  p50=194,700,600 ns
  savina/nqueens           sobjectizer  1c-park  ok  p50=194,568,724 ns
  savina/philosophers      sobjectizer  2c-spin  ok  p50=143,624,727 ns
  savina/philosophers      sobjectizer  2c-park  ok  p50=187,368,902 ns
  savina/philosophers      sobjectizer  1c-spin  ok  p50=76,411,245 ns
  savina/philosophers      sobjectizer  1c-park  ok  p50=82,536,681 ns

run.py: 160 cells, 0 not verified, 0 not applicable -> out-field
