[0/2] Re-checking globbed directories...
[1/2] Re-running CMake...
-- [qb] Searching for required dependencies...
-- [qb] Using bundled UUID from: /home/qvo/qb-191/src/qb/vendor/uuid
-- [qb] Using bundled libev from: /home/qvo/qb-191/src/qb/ev
-- [qb] Searching for optional dependencies...
-- [qb] SSL/TLS support disabled
-- [qb] Compression support disabled
-- [qb] Added Linux-specific libraries
-- [qb] Using system nlohmann_json 3.11.3
-- [qb] ========================================
-- [qb] qb Framework Configuration
-- [qb] ========================================
-- [qb] Version: 3.1.0
-- [qb] Platform: Linux (x64)
-- [qb] Build Type: Release
-- [qb] Compiler: GNU 14.2.0
-- [qb] Root Directory: /home/qvo/qb-191
-- [qb] Features:
-- [qb]   - Tests: OFF
-- [qb]   - Examples: OFF (not built by qb itself - this repository ships no examples/ tree; the switch is read by the qb-dev superproject's examples/ submodule)
-- [qb]   - Benchmarks: OFF
-- [qb]   - Logging: ON
-- [qb]   - SSL: OFF
-- [qb]   - Compression: OFF
-- [qb]   - Optimizations: ON
-- [qb] ========================================
-- [qb] Loading internal modules...
-- [qev] watcher families: OFF (full=all fourteen, off=qb's seven)
-- [qb] Building core libraries...
-- [qb] Framework variables exported to parent scope
-- [qb] Dependencies Summary:
-- [qb]   Required:
-- [qb]     UUID: TRUE
-- [qb]     libev: TRUE
-- [qb]   Optional:
-- [qb]     OpenSSL: FALSE
-- [qb]     ZLIB: FALSE
-- [qb]     QUIC/libngtcp2: FALSE
-- [qb]     Google Test: FALSE
-- [qb]     Google Benchmark: FALSE
-- [qb]     gperftools: FALSE
-- [qb] ========================================
-- [qb] qb Framework Successfully Configured!
-- [qb] Available libraries: qb-io;qb-core
-- [qb] Available targets: qb::core, qb::io
-- [qb] ========================================
-- 
--   qb-vs-others configuration
--   --------------------------
--   compiler   : GNU 14.2.0
--   build type : Release
--   opt flags  : -O3 -DNDEBUG
--   framework  : qb 3.1.0
-- 
-- Configuring done (0.1s)
-- Generating done (0.0s)
-- Build files have been written to: /home/qvo/qvo/cand-191
[0/4] Re-checking globbed directories...
[1/15] Building C object _deps/qb-build/src/qb/ev/CMakeFiles/qev.dir/ev.c.o
[2/15] Linking C static library lib/libqb-ev.a
[3/15] Building CXX object frameworks/qb/CMakeFiles/qvo-qb-savina-ping-pong.dir/savina/ping-pong.cpp.o
[4/15] Building CXX object frameworks/qb/CMakeFiles/qvo-qb-savina-thread-ring.dir/savina/thread-ring.cpp.o
[5/15] Building CXX object frameworks/qb/CMakeFiles/qvo-qb-savina-bank-transaction.dir/savina/bank-transaction.cpp.o
In file included from /home/qvo/qb-191/src/qb/io/async/coroutine/scheduler.h:64,
                 from /home/qvo/qb-191/src/qb/io/async/listener.h:43,
                 from /home/qvo/qb-191/src/qb/core/Main.h:41,
                 from /home/qvo/qb-191/src/qb/main.h:13,
                 from /mnt/d/repo/qb-dev/qb-vs-others/frameworks/qb/savina/../qb_support.h:17,
                 from /mnt/d/repo/qb-dev/qb-vs-others/frameworks/qb/savina/bank-transaction.cpp:25:
/home/qvo/qb-191/src/qb/io/async/coroutine/task.h: In member function ‘void qb::io::async::task<T>::promise_type::return_value(T) [with T = savina_bank_transaction_qb::Deposit]’:
/home/qvo/qb-191/src/qb/io/async/coroutine/task.h:563:9: note: the ABI for passing parameters with 64-byte alignment has changed in GCC 4.6
  563 |         return_value(T value) noexcept(std::is_nothrow_move_constructible_v<T>) {
      |         ^~~~~~~~~~~~
[6/15] Building CXX object _deps/qb-build/src/qb/core/CMakeFiles/qb-core.dir/core.cpp.o
[7/15] Building CXX object _deps/qb-build/src/qb/io/CMakeFiles/qb-io.dir/io.cpp.o
[8/15] Linking CXX static library lib/libqb-io.a
[9/15] Linking CXX static library lib/libqb-core.a
[10/15] Linking CXX executable bin/qvo-qb-savina-ping-pong
[11/15] Linking CXX executable bin/qvo-qb-savina-thread-ring
[12/15] Linking CXX executable bin/qvo-qb-savina-bank-transaction
