-- The CXX compiler identification is GNU 14.2.0
-- Detecting CXX compiler ABI info
-- Detecting CXX compiler ABI info - done
-- Check for working CXX compiler: /usr/bin/c++ - skipped
-- Detecting CXX compile features
-- Detecting CXX compile features - done
-- Performing Test CMAKE_HAVE_LIBC_PTHREAD
-- Performing Test CMAKE_HAVE_LIBC_PTHREAD - Success
-- Found Threads: TRUE
-- Performing Test QB_HAS_OPTIONAL
-- Performing Test QB_HAS_OPTIONAL - Success
-- Performing Test QB_HAS_STRING_VIEW
-- Performing Test QB_HAS_STRING_VIEW - Success
-- Performing Test QB_HAS_VARIANT
-- Performing Test QB_HAS_VARIANT - Success
-- Performing Test QB_HAS_CONCEPTS
-- Performing Test QB_HAS_CONCEPTS - Success
-- Performing Test QB_HAS_EXPECTED
-- Performing Test QB_HAS_EXPECTED - Failed
-- Performing Test QB_HAS_FORMAT
-- Performing Test QB_HAS_FORMAT - Failed
-- Performing Test QB_HAS_PRINT
-- Performing Test QB_HAS_PRINT - Failed
-- [qb] Searching for required dependencies...
-- [qb] Using bundled UUID from: /home/mbelhadi/qb-200-ctl/src/src/qb/vendor/uuid
-- [qb] Using bundled libev from: /home/mbelhadi/qb-200-ctl/src/src/qb/ev
-- [qb] Searching for optional dependencies...
-- [qb] SSL/TLS support disabled
-- [qb] Compression support disabled
-- [qb] Added Linux-specific libraries
-- [qb] Using system nlohmann_json 3.11.3
-- [qb] ========================================
-- [qb] qb Framework Configuration
-- [qb] ========================================
-- [qb] Version: 3.1.0
-- [qb] Platform: Linux (x64)
-- [qb] Build Type: Release
-- [qb] Compiler: GNU 14.2.0
-- [qb] Root Directory: /home/mbelhadi/qb-200-ctl/src
-- [qb] Features:
-- [qb]   - Tests: OFF
-- [qb]   - Examples: OFF (not built by qb itself - this repository ships no examples/ tree; the switch is read by the qb-dev superproject's examples/ submodule)
-- [qb]   - Benchmarks: OFF
-- [qb]   - Logging: ON
-- [qb]   - SSL: OFF
-- [qb]   - Compression: OFF
-- [qb]   - Optimizations: ON
-- [qb] ========================================
-- [qb] Loading internal modules...
-- The C compiler identification is GNU 14.2.0
-- Detecting C compiler ABI info
-- Detecting C compiler ABI info - done
-- Check for working C compiler: /usr/bin/cc - skipped
-- Detecting C compile features
-- Detecting C compile features - done
-- Looking for dlfcn.h
-- Looking for dlfcn.h - found
-- Looking for inttypes.h
-- Looking for inttypes.h - found
-- Looking for linux/aio_abi.h
-- Looking for linux/aio_abi.h - found
-- Looking for linux/fs.h
-- Looking for linux/fs.h - found
-- Looking for memory.h
-- Looking for memory.h - found
-- Looking for poll.h
-- Looking for poll.h - found
-- Looking for port.h
-- Looking for port.h - not found
-- Looking for signal.h
-- Looking for signal.h - found
-- Looking for stdint.h
-- Looking for stdint.h - found
-- Looking for stdlib.h
-- Looking for stdlib.h - found
-- Looking for strings.h
-- Looking for strings.h - found
-- Looking for string.h
-- Looking for string.h - found
-- Looking for sys/epoll.h
-- Looking for sys/epoll.h - found
-- Looking for sys/event.h
-- Looking for sys/event.h - not found
-- Looking for sys/eventfd.h
-- Looking for sys/eventfd.h - found
-- Looking for sys/inotify.h
-- Looking for sys/inotify.h - found
-- Looking for sys/select.h
-- Looking for sys/select.h - found
-- Looking for sys/signalfd.h
-- Looking for sys/signalfd.h - found
-- Looking for sys/stat.h
-- Looking for sys/stat.h - found
-- Looking for sys/timerfd.h
-- Looking for sys/timerfd.h - found
-- Looking for sys/types.h
-- Looking for sys/types.h - found
-- Looking for unistd.h
-- Looking for unistd.h - found
-- Looking for clock_gettime
-- Looking for clock_gettime - found
-- Looking for nanosleep
-- Looking for nanosleep - found
-- Looking for select
-- Looking for select - found
-- Looking for poll
-- Looking for poll - found
-- Looking for epoll_ctl
-- Looking for epoll_ctl - found
-- Looking for eventfd
-- Looking for eventfd - found
-- Looking for signalfd
-- Looking for signalfd - found
-- Looking for inotify_init
-- Looking for inotify_init - found
-- Looking for port_create
-- Looking for port_create - not found
-- Looking for kqueue
-- Looking for kqueue - not found
-- Looking for floor
-- Looking for floor - not found
-- Performing Test HAVE_CLOCK_SYSCALL
-- Performing Test HAVE_CLOCK_SYSCALL - Success
-- Performing Test HAVE_KERNEL_RWF_T
-- Performing Test HAVE_KERNEL_RWF_T - Success
-- Looking for linux/io_uring.h
-- Looking for linux/io_uring.h - found
-- Performing Test HAVE_IO_URING_SYSCALL
-- Performing Test HAVE_IO_URING_SYSCALL - Success
-- [qev] watcher families: OFF (full=all fourteen, off=qb's seven)
-- [qb] Building core libraries...
-- [qb] Framework variables exported to parent scope
-- [qb] Dependencies Summary:
-- [qb]   Required:
-- [qb]     UUID: TRUE
-- [qb]     libev: TRUE
-- [qb]   Optional:
-- [qb]     OpenSSL: FALSE
-- [qb]     ZLIB: FALSE
-- [qb]     QUIC/libngtcp2: FALSE
-- [qb]     Google Test: FALSE
-- [qb]     Google Benchmark: FALSE
-- [qb]     gperftools: FALSE
-- [qb] ========================================
-- [qb] qb Framework Successfully Configured!
-- [qb] Available libraries: qb-io;qb-core
-- [qb] Available targets: qb::core, qb::io
-- [qb] ========================================
-- 
--   qb-vs-others configuration
--   --------------------------
--   compiler   : GNU 14.2.0
--   build type : Release
--   opt flags  : -O3 -DNDEBUG
--   framework  : qb 3.1.0
-- 
-- Configuring done (6.5s)
-- Generating done (0.0s)
-- Build files have been written to: /home/mbelhadi/qvo-200-ctl/build
