ping-pong-profile-10s        verified=True sweep-caveat=False p50=  827.4  min=  769.8  max=  894.5 ns/msg
ping-pong-simple-lock        verified=True sweep-caveat=True p50=  949.6  min=  915.9  max= 1297.5 ns/msg
ping-pong-wait1us            verified=True sweep-caveat=True p50=  959.1  min=  909.0  max= 1075.9 ns/msg
ping-pong-wait10us           verified=True sweep-caveat=True p50=  968.3  min=  869.7  max= 1016.2 ns/msg
ping-pong-wait100us          verified=True sweep-caveat=True p50=  879.0  min=  792.9  max=  911.4 ns/msg
ping-pong-wait1ms-default    verified=True sweep-caveat=True p50=  835.6  min=  739.2  max=  866.1 ns/msg
ping-pong-wait10ms           verified=True sweep-caveat=True p50=  887.9  min=  857.1  max= 1289.7 ns/msg
ping-pong-wait100ms          verified=True sweep-caveat=True p50=  853.6  min=  780.2  max=  908.8 ns/msg
ping-pong-wait10s-b          verified=True sweep-caveat=True p50=  901.4  min=  818.1  max= 1144.6 ns/msg
ping-pong-profile-10s-b      verified=True sweep-caveat=False p50=  821.1  min=  720.8  max=  946.9 ns/msg
counting-profile-10s         verified=True sweep-caveat=False p50=  244.8  min=  178.4  max=  294.2 ns/msg
counting-simple-lock         verified=True sweep-caveat=True p50=  277.9  min=  259.0  max=  436.2 ns/msg
counting-wait1us             verified=True sweep-caveat=True p50=  300.1  min=  256.8  max=  329.0 ns/msg
counting-wait10us            verified=True sweep-caveat=True p50=  299.8  min=  281.4  max=  344.5 ns/msg
counting-wait100us           verified=True sweep-caveat=True p50=  295.4  min=  267.1  max=  326.7 ns/msg
counting-wait1ms-default     verified=True sweep-caveat=True p50=  223.8  min=  171.5  max=  289.1 ns/msg
counting-wait10ms            verified=True sweep-caveat=True p50=  300.7  min=  283.2  max=  313.9 ns/msg
counting-wait100ms           verified=True sweep-caveat=True p50=  303.4  min=  279.1  max=  321.1 ns/msg
counting-wait10s-b           verified=True sweep-caveat=True p50=  288.5  min=  271.0  max=  300.9 ns/msg
counting-profile-10s-b       verified=True sweep-caveat=False p50=  287.9  min=  277.9  max=  303.8 ns/msg
