run.py: 40 binaries, frameworks: baseline, caf, qb, sobjectizer
run.py: pinning to CPUs 0,2, 9 repetitions + 2 warmup
  savina/a-star            baseline     2c-spin  ok  p50=13,176,600 ns
  savina/a-star            baseline     2c-park  ok  p50=3,291,900 ns
  savina/a-star            baseline     1c-spin  ok  p50=5,720,200 ns
  savina/a-star            baseline     1c-park  ok  p50=5,770,200 ns
  savina/barber            baseline     2c-spin  ok  p50=13,178,000 ns
  savina/barber            baseline     2c-park  ok  p50=7,589,000 ns
  savina/barber            baseline     1c-spin  ok  p50=13,688,800 ns
  savina/barber            baseline     1c-park  ok  p50=13,776,100 ns
  savina/bndbuffer         baseline     2c-spin  ok  p50=449,021,900 ns
  savina/bndbuffer         baseline     2c-park  ok  p50=463,817,000 ns
  savina/bndbuffer         baseline     1c-spin  ok  p50=523,514,000 ns
  savina/bndbuffer         baseline     1c-park  ok  p50=527,809,000 ns
  savina/cigsmok           baseline     2c-spin  ok  p50=58,546,900 ns
  savina/cigsmok           baseline     2c-park  ok  p50=76,142,100 ns
  savina/cigsmok           baseline     1c-spin  ok  p50=68,778,200 ns
  savina/cigsmok           baseline     1c-park  ok  p50=67,829,600 ns
  savina/concdict          baseline     2c-spin  ok  p50=19,306,000 ns
  savina/concdict          baseline     2c-park  ok  p50=23,318,600 ns
  savina/concdict          baseline     1c-spin  ok  p50=9,099,400 ns
  savina/concdict          baseline     1c-park  ok  p50=9,961,600 ns
  savina/concsll           baseline     2c-spin  ok  p50=3,394,346,500 ns
  savina/concsll           baseline     2c-park  ok  p50=3,580,753,600 ns
  savina/concsll           baseline     1c-spin  ok  p50=3,361,910,300 ns
  savina/concsll           baseline     1c-park  ok  p50=3,350,404,800 ns
  savina/fork-join-create  baseline     2c-spin  ok  p50=15,418,300 ns
  savina/fork-join-create  baseline     2c-park  ok  p50=3,692,100 ns
  savina/fork-join-create  baseline     1c-spin  ok  p50=2,837,900 ns
  savina/fork-join-create  baseline     1c-park  ok  p50=3,260,900 ns
  savina/logmap            baseline     2c-spin  ok  p50=3,457,600 ns
  savina/logmap            baseline     2c-park  ok  p50=14,052,500 ns
  savina/logmap            baseline     1c-spin  ok  p50=5,026,500 ns
  savina/logmap            baseline     1c-park  ok  p50=7,383,400 ns
  savina/nqueens           baseline     2c-spin  ok  p50=97,491,100 ns
  savina/nqueens           baseline     2c-park  ok  p50=96,452,500 ns
  savina/nqueens           baseline     1c-spin  ok  p50=186,245,200 ns
  savina/nqueens           baseline     1c-park  ok  p50=184,290,900 ns
  savina/philosophers      baseline     2c-spin  ok  p50=53,987,000 ns
  savina/philosophers      baseline     2c-park  ok  p50=77,809,600 ns
  savina/philosophers      baseline     1c-spin  ok  p50=9,691,000 ns
  savina/philosophers      baseline     1c-park  ok  p50=15,109,300 ns
  savina/a-star            caf          2c-spin  ok  p50=4,550,600 ns
  savina/a-star            caf          2c-park  ok  p50=6,434,900 ns
  savina/a-star            caf          1c-spin  ok  p50=6,588,000 ns
  savina/a-star            caf          1c-park  ok  p50=6,633,200 ns
  savina/barber            caf          2c-spin  ok  p50=22,786,700 ns
  savina/barber            caf          2c-park  ok  p50=22,354,400 ns
  savina/barber            caf          1c-spin  ok  p50=29,486,400 ns
  savina/barber            caf          1c-park  ok  p50=29,473,500 ns
  savina/bndbuffer         caf          2c-spin  ok  p50=291,691,100 ns
  savina/bndbuffer         caf          2c-park  ok  p50=290,249,600 ns
  savina/bndbuffer         caf          1c-spin  ok  p50=565,263,700 ns
  savina/bndbuffer         caf          1c-park  ok  p50=566,740,000 ns
  savina/cigsmok           caf          2c-spin  ok  p50=91,557,600 ns
  savina/cigsmok           caf          2c-park  ok  p50=91,171,800 ns
  savina/cigsmok           caf          1c-spin  ok  p50=91,537,900 ns
  savina/cigsmok           caf          1c-park  ok  p50=90,992,100 ns
  savina/concdict          caf          2c-spin  ok  p50=116,426,600 ns
  savina/concdict          caf          2c-park  ok  p50=117,138,100 ns
  savina/concdict          caf          1c-spin  ok  p50=116,027,600 ns
  savina/concdict          caf          1c-park  ok  p50=116,487,000 ns
  savina/concsll           caf          2c-spin  ok  p50=3,502,433,300 ns
  savina/concsll           caf          2c-park  ok  p50=3,526,385,500 ns
  savina/concsll           caf          1c-spin  ok  p50=3,471,791,900 ns
  savina/concsll           caf          1c-park  ok  p50=3,491,158,100 ns
  savina/fork-join-create  caf          2c-spin  ok  p50=47,784,100 ns
  savina/fork-join-create  caf          2c-park  ok  p50=48,263,000 ns
  savina/fork-join-create  caf          1c-spin  ok  p50=81,630,900 ns
  savina/fork-join-create  caf          1c-park  ok  p50=82,415,600 ns
  savina/logmap            caf          2c-spin  ok  p50=100,056,400 ns
  savina/logmap            caf          2c-park  ok  p50=100,850,600 ns
  savina/logmap            caf          1c-spin  ok  p50=180,319,600 ns
  savina/logmap            caf          1c-park  ok  p50=181,897,500 ns
  savina/nqueens           caf          2c-spin  ok  p50=103,952,100 ns
  savina/nqueens           caf          2c-park  ok  p50=104,133,100 ns
  savina/nqueens           caf          1c-spin  ok  p50=203,999,500 ns
  savina/nqueens           caf          1c-park  ok  p50=200,638,100 ns
  savina/philosophers      caf          2c-spin  ok  p50=776,425,300 ns
  savina/philosophers      caf          2c-park  ok  p50=814,546,200 ns
  savina/philosophers      caf          1c-spin  ok  p50=146,658,100 ns
  savina/philosophers      caf          1c-park  ok  p50=145,172,600 ns
  savina/a-star            qb           2c-spin  ok  p50=3,114,400 ns
  savina/a-star            qb           2c-park  ok  p50=3,151,700 ns
  savina/a-star            qb           1c-spin  ok  p50=5,750,100 ns
  savina/a-star            qb           1c-park  ok  p50=5,820,500 ns
  savina/barber            qb           2c-spin  ok  p50=13,989,500 ns
  savina/barber            qb           2c-park  ok  p50=14,002,400 ns
  savina/barber            qb           1c-spin  ok  p50=14,361,000 ns
  savina/barber            qb           1c-park  ok  p50=14,305,200 ns
  savina/bndbuffer         qb           2c-spin  ok  p50=266,863,100 ns
  savina/bndbuffer         qb           2c-park  ok  p50=268,299,700 ns
  savina/bndbuffer         qb           1c-spin  ok  p50=524,401,600 ns
  savina/bndbuffer         qb           1c-park  ok  p50=525,846,500 ns
  savina/cigsmok           qb           2c-spin  ok  p50=58,703,400 ns
  savina/cigsmok           qb           2c-park  ok  p50=58,662,400 ns
  savina/cigsmok           qb           1c-spin  ok  p50=67,599,300 ns
  savina/cigsmok           qb           1c-park  ok  p50=67,502,900 ns
  savina/concdict          qb           2c-spin  ok  p50=12,660,400 ns
  savina/concdict          qb           2c-park  ok  p50=14,412,900 ns
  savina/concdict          qb           1c-spin  ok  p50=11,832,600 ns
  savina/concdict          qb           1c-park  ok  p50=11,561,400 ns
  savina/concsll           qb           2c-spin  ok  p50=3,454,142,600 ns
  savina/concsll           qb           2c-park  ok  p50=3,392,724,900 ns
  savina/concsll           qb           1c-spin  ok  p50=3,379,261,000 ns
  savina/concsll           qb           1c-park  ok  p50=3,362,359,500 ns
  savina/fork-join-create  qb           2c-spin  ok  p50=2,162,500 ns
  savina/fork-join-create  qb           2c-park  ok  p50=2,233,800 ns
  savina/fork-join-create  qb           1c-spin  ok  p50=4,116,500 ns
  savina/fork-join-create  qb           1c-park  ok  p50=4,161,700 ns
  savina/logmap            qb           2c-spin  ok  p50=4,956,800 ns
  savina/logmap            qb           2c-park  ok  p50=5,282,600 ns
  savina/logmap            qb           1c-spin  ok  p50=6,565,100 ns
  savina/logmap            qb           1c-park  ok  p50=6,780,900 ns
  savina/nqueens           qb           2c-spin  ok  p50=98,072,200 ns
  savina/nqueens           qb           2c-park  ok  p50=98,267,400 ns
  savina/nqueens           qb           1c-spin  ok  p50=190,259,600 ns
  savina/nqueens           qb           1c-park  ok  p50=189,764,200 ns
  savina/philosophers      qb           2c-spin  ok  p50=33,378,100 ns
  savina/philosophers      qb           2c-park  ok  p50=24,543,800 ns
  savina/philosophers      qb           1c-spin  ok  p50=13,805,500 ns
  savina/philosophers      qb           1c-park  ok  p50=13,455,900 ns
  savina/a-star            sobjectizer  2c-spin  ok  p50=3,744,500 ns
  savina/a-star            sobjectizer  2c-park  ok  p50=3,819,600 ns
  savina/a-star            sobjectizer  1c-spin  ok  p50=6,373,200 ns
  savina/a-star            sobjectizer  1c-park  ok  p50=6,505,800 ns
  savina/barber            sobjectizer  2c-spin  ok  p50=34,585,900 ns
  savina/barber            sobjectizer  2c-park  ok  p50=25,137,900 ns
  savina/barber            sobjectizer  1c-spin  ok  p50=27,743,100 ns
  savina/barber            sobjectizer  1c-park  ok  p50=27,910,900 ns
  savina/bndbuffer         sobjectizer  2c-spin  ok  p50=291,460,400 ns
  savina/bndbuffer         sobjectizer  2c-park  ok  p50=292,377,400 ns
  savina/bndbuffer         sobjectizer  1c-spin  ok  p50=538,433,500 ns
  savina/bndbuffer         sobjectizer  1c-park  ok  p50=538,697,300 ns
  savina/cigsmok           sobjectizer  2c-spin  ok  p50=56,440,200 ns
  savina/cigsmok           sobjectizer  2c-park  ok  p50=60,265,800 ns
  savina/cigsmok           sobjectizer  1c-spin  ok  p50=75,152,600 ns
  savina/cigsmok           sobjectizer  1c-park  ok  p50=76,690,900 ns
  savina/concdict          sobjectizer  2c-spin  ok  p50=97,287,800 ns
  savina/concdict          sobjectizer  2c-park  ok  p50=120,010,100 ns
  savina/concdict          sobjectizer  1c-spin  ok  p50=41,848,300 ns
  savina/concdict          sobjectizer  1c-park  ok  p50=44,945,800 ns
  savina/concsll           sobjectizer  2c-spin  ok  p50=3,448,673,400 ns
  savina/concsll           sobjectizer  2c-park  ok  p50=3,644,558,500 ns
  savina/concsll           sobjectizer  1c-spin  ok  p50=3,376,443,700 ns
  savina/concsll           sobjectizer  1c-park  ok  p50=3,365,847,000 ns
  savina/fork-join-create  sobjectizer  2c-spin  ok  p50=100,239,100 ns
  savina/fork-join-create  sobjectizer  2c-park  ok  p50=92,376,300 ns
  savina/fork-join-create  sobjectizer  1c-spin  ok  p50=107,799,400 ns
  savina/fork-join-create  sobjectizer  1c-park  ok  p50=109,201,300 ns
  savina/logmap            sobjectizer  2c-spin  ok  p50=140,260,300 ns
  savina/logmap            sobjectizer  2c-park  ok  p50=158,307,800 ns
  savina/logmap            sobjectizer  1c-spin  ok  p50=56,977,500 ns
  savina/logmap            sobjectizer  1c-park  ok  p50=62,246,200 ns
  savina/nqueens           sobjectizer  2c-spin  ok  p50=106,208,300 ns
  savina/nqueens           sobjectizer  2c-park  ok  p50=106,138,300 ns
  savina/nqueens           sobjectizer  1c-spin  ok  p50=204,198,900 ns
  savina/nqueens           sobjectizer  1c-park  ok  p50=203,444,000 ns
  savina/philosophers      sobjectizer  2c-spin  ok  p50=205,557,400 ns
  savina/philosophers      sobjectizer  2c-park  ok  p50=218,682,300 ns
  savina/philosophers      sobjectizer  1c-spin  ok  p50=94,120,400 ns
  savina/philosophers      sobjectizer  1c-park  ok  p50=103,552,400 ns

run.py: 160 cells, 0 not verified, 0 not applicable -> D:\repo\qvo-wave-a\build\wa-out\field
